---
source: tooling/sanctifier-core/tests/detector_snapshots.rs
assertion_line: 30
expression: findings
---
- rule_name: SANCT_OWNERSHIP_TRANSFER
  severity: Warning
  message: "SANCT_OWNERSHIP_TRANSFER: `transfer_ownership` changes owner/admin in one step"
  location: "transfer_ownership:7"
  suggestion: "Store `new_owner` as a pending owner/admin and require the new address to call an accept function"
- rule_name: SANCT_OWNERSHIP_TRANSFER
  severity: Warning
  message: "SANCT_OWNERSHIP_TRANSFER: `update_admin` changes owner/admin in one step"
  location: "update_admin:11"
  suggestion: "Store `new_admin` as a pending owner/admin and require the new address to call an accept function"
