---
source: tooling/sanctifier-core/tests/gallery_snapshots.rs
expression: findings
---
- rule_name: SANCT_TTL_MISSING
  severity: Warning
  message: "SANCT_TTL_MISSING: persistent storage `set` for key `key` does not extend TTL"
  location: "store:16"
  suggestion: "Call `env.storage().persistent().extend_ttl(&key, LOW, HIGH)` after accessing this durable entry"
